
===========================================================================
report_checks -path_delay min (Hold)
============================================================================
Startpoint: nrst (input port clocked by clk)
Endpoint: _1284_ (removal check against rising-edge clock clk)
Path Group: **async_default**
Path Type: min

Fanout     Cap    Slew   Delay    Time   Description
-----------------------------------------------------------------------------
                          0.00    0.00   clock clk (rise edge)
                          0.00    0.00   clock network delay (propagated)
                         14.00   14.00 ^ input external delay
                  0.06    0.04   14.04 ^ nrst (in)
     1    0.01                           nrst (net)
                  0.06    0.00   14.04 ^ input8/A (sky130_fd_sc_hd__buf_12)
                  0.38    0.22   14.25 ^ input8/X (sky130_fd_sc_hd__buf_12)
    56    0.37                           net8 (net)
                  0.58    0.21   14.47 ^ _1284_/RESET_B (sky130_fd_sc_hd__dfrtp_1)
                                 14.47   data arrival time

                          0.00    0.00   clock clk (rise edge)
                          0.00    0.00   clock source latency
                  0.91    0.74    0.74 ^ clk (in)
     1    0.20                           clk (net)
                  0.94    0.00    0.74 ^ clkbuf_0_clk/A (sky130_fd_sc_hd__clkbuf_16)
                  0.05    0.29    1.03 ^ clkbuf_0_clk/X (sky130_fd_sc_hd__clkbuf_16)
     2    0.01                           clknet_0_clk (net)
                  0.05    0.00    1.03 ^ clkbuf_1_0_0_clk/A (sky130_fd_sc_hd__clkbuf_2)
                  0.08    0.14    1.17 ^ clkbuf_1_0_0_clk/X (sky130_fd_sc_hd__clkbuf_2)
     2    0.01                           clknet_1_0_0_clk (net)
                  0.08    0.00    1.17 ^ clkbuf_2_0_0_clk/A (sky130_fd_sc_hd__clkbuf_2)
                  0.23    0.26    1.43 ^ clkbuf_2_0_0_clk/X (sky130_fd_sc_hd__clkbuf_2)
    14    0.04                           clknet_2_0_0_clk (net)
                  0.23    0.00    1.43 ^ _1284_/CLK (sky130_fd_sc_hd__dfrtp_1)
                          0.25    1.68   clock uncertainty
                          0.00    1.68   clock reconvergence pessimism
                          0.52    2.20   library removal time
                                  2.20   data required time
-----------------------------------------------------------------------------
                                  2.20   data required time
                                -14.47   data arrival time
-----------------------------------------------------------------------------
                                 12.26   slack (MET)


Startpoint: nrst (input port clocked by clk)
Endpoint: _1266_ (removal check against rising-edge clock clk)
Path Group: **async_default**
Path Type: min

Fanout     Cap    Slew   Delay    Time   Description
-----------------------------------------------------------------------------
                          0.00    0.00   clock clk (rise edge)
                          0.00    0.00   clock network delay (propagated)
                         14.00   14.00 ^ input external delay
                  0.06    0.04   14.04 ^ nrst (in)
     1    0.01                           nrst (net)
                  0.06    0.00   14.04 ^ input8/A (sky130_fd_sc_hd__buf_12)
                  0.38    0.22   14.25 ^ input8/X (sky130_fd_sc_hd__buf_12)
    56    0.37                           net8 (net)
                  0.58    0.21   14.47 ^ _1266_/RESET_B (sky130_fd_sc_hd__dfrtp_1)
                                 14.47   data arrival time

                          0.00    0.00   clock clk (rise edge)
                          0.00    0.00   clock source latency
                  0.91    0.74    0.74 ^ clk (in)
     1    0.20                           clk (net)
                  0.94    0.00    0.74 ^ clkbuf_0_clk/A (sky130_fd_sc_hd__clkbuf_16)
                  0.05    0.29    1.03 ^ clkbuf_0_clk/X (sky130_fd_sc_hd__clkbuf_16)
     2    0.01                           clknet_0_clk (net)
                  0.05    0.00    1.03 ^ clkbuf_1_0_0_clk/A (sky130_fd_sc_hd__clkbuf_2)
                  0.08    0.14    1.17 ^ clkbuf_1_0_0_clk/X (sky130_fd_sc_hd__clkbuf_2)
     2    0.01                           clknet_1_0_0_clk (net)
                  0.08    0.00    1.17 ^ clkbuf_2_0_0_clk/A (sky130_fd_sc_hd__clkbuf_2)
                  0.23    0.26    1.43 ^ clkbuf_2_0_0_clk/X (sky130_fd_sc_hd__clkbuf_2)
    14    0.04                           clknet_2_0_0_clk (net)
                  0.23    0.00    1.43 ^ _1266_/CLK (sky130_fd_sc_hd__dfrtp_1)
                          0.25    1.68   clock uncertainty
                          0.00    1.68   clock reconvergence pessimism
                          0.52    2.20   library removal time
                                  2.20   data required time
-----------------------------------------------------------------------------
                                  2.20   data required time
                                -14.47   data arrival time
-----------------------------------------------------------------------------
                                 12.26   slack (MET)


Startpoint: nrst (input port clocked by clk)
Endpoint: _1274_ (removal check against rising-edge clock clk)
Path Group: **async_default**
Path Type: min

Fanout     Cap    Slew   Delay    Time   Description
-----------------------------------------------------------------------------
                          0.00    0.00   clock clk (rise edge)
                          0.00    0.00   clock network delay (propagated)
                         14.00   14.00 ^ input external delay
                  0.06    0.04   14.04 ^ nrst (in)
     1    0.01                           nrst (net)
                  0.06    0.00   14.04 ^ input8/A (sky130_fd_sc_hd__buf_12)
                  0.38    0.22   14.25 ^ input8/X (sky130_fd_sc_hd__buf_12)
    56    0.37                           net8 (net)
                  0.58    0.21   14.47 ^ _1274_/RESET_B (sky130_fd_sc_hd__dfrtp_1)
                                 14.47   data arrival time

                          0.00    0.00   clock clk (rise edge)
                          0.00    0.00   clock source latency
                  0.91    0.74    0.74 ^ clk (in)
     1    0.20                           clk (net)
                  0.94    0.00    0.74 ^ clkbuf_0_clk/A (sky130_fd_sc_hd__clkbuf_16)
                  0.05    0.29    1.03 ^ clkbuf_0_clk/X (sky130_fd_sc_hd__clkbuf_16)
     2    0.01                           clknet_0_clk (net)
                  0.05    0.00    1.03 ^ clkbuf_1_0_0_clk/A (sky130_fd_sc_hd__clkbuf_2)
                  0.08    0.14    1.17 ^ clkbuf_1_0_0_clk/X (sky130_fd_sc_hd__clkbuf_2)
     2    0.01                           clknet_1_0_0_clk (net)
                  0.08    0.00    1.17 ^ clkbuf_2_0_0_clk/A (sky130_fd_sc_hd__clkbuf_2)
                  0.23    0.26    1.43 ^ clkbuf_2_0_0_clk/X (sky130_fd_sc_hd__clkbuf_2)
    14    0.04                           clknet_2_0_0_clk (net)
                  0.23    0.00    1.43 ^ _1274_/CLK (sky130_fd_sc_hd__dfrtp_1)
                          0.25    1.68   clock uncertainty
                          0.00    1.68   clock reconvergence pessimism
                          0.52    2.20   library removal time
                                  2.20   data required time
-----------------------------------------------------------------------------
                                  2.20   data required time
                                -14.47   data arrival time
-----------------------------------------------------------------------------
                                 12.26   slack (MET)


Startpoint: nrst (input port clocked by clk)
Endpoint: _1252_ (removal check against rising-edge clock clk)
Path Group: **async_default**
Path Type: min

Fanout     Cap    Slew   Delay    Time   Description
-----------------------------------------------------------------------------
                          0.00    0.00   clock clk (rise edge)
                          0.00    0.00   clock network delay (propagated)
                         14.00   14.00 ^ input external delay
                  0.06    0.04   14.04 ^ nrst (in)
     1    0.01                           nrst (net)
                  0.06    0.00   14.04 ^ input8/A (sky130_fd_sc_hd__buf_12)
                  0.38    0.22   14.25 ^ input8/X (sky130_fd_sc_hd__buf_12)
    56    0.37                           net8 (net)
                  0.58    0.21   14.47 ^ _1252_/RESET_B (sky130_fd_sc_hd__dfrtp_1)
                                 14.47   data arrival time

                          0.00    0.00   clock clk (rise edge)
                          0.00    0.00   clock source latency
                  0.91    0.74    0.74 ^ clk (in)
     1    0.20                           clk (net)
                  0.94    0.00    0.74 ^ clkbuf_0_clk/A (sky130_fd_sc_hd__clkbuf_16)
                  0.05    0.29    1.03 ^ clkbuf_0_clk/X (sky130_fd_sc_hd__clkbuf_16)
     2    0.01                           clknet_0_clk (net)
                  0.05    0.00    1.03 ^ clkbuf_1_0_0_clk/A (sky130_fd_sc_hd__clkbuf_2)
                  0.08    0.14    1.17 ^ clkbuf_1_0_0_clk/X (sky130_fd_sc_hd__clkbuf_2)
     2    0.01                           clknet_1_0_0_clk (net)
                  0.08    0.00    1.17 ^ clkbuf_2_0_0_clk/A (sky130_fd_sc_hd__clkbuf_2)
                  0.23    0.26    1.43 ^ clkbuf_2_0_0_clk/X (sky130_fd_sc_hd__clkbuf_2)
    14    0.04                           clknet_2_0_0_clk (net)
                  0.23    0.00    1.43 ^ _1252_/CLK (sky130_fd_sc_hd__dfrtp_1)
                          0.25    1.68   clock uncertainty
                          0.00    1.68   clock reconvergence pessimism
                          0.52    2.20   library removal time
                                  2.20   data required time
-----------------------------------------------------------------------------
                                  2.20   data required time
                                -14.47   data arrival time
-----------------------------------------------------------------------------
                                 12.26   slack (MET)


Startpoint: nrst (input port clocked by clk)
Endpoint: _1288_ (removal check against rising-edge clock clk)
Path Group: **async_default**
Path Type: min

Fanout     Cap    Slew   Delay    Time   Description
-----------------------------------------------------------------------------
                          0.00    0.00   clock clk (rise edge)
                          0.00    0.00   clock network delay (propagated)
                         14.00   14.00 ^ input external delay
                  0.06    0.04   14.04 ^ nrst (in)
     1    0.01                           nrst (net)
                  0.06    0.00   14.04 ^ input8/A (sky130_fd_sc_hd__buf_12)
                  0.38    0.22   14.25 ^ input8/X (sky130_fd_sc_hd__buf_12)
    56    0.37                           net8 (net)
                  0.59    0.21   14.47 ^ _1288_/RESET_B (sky130_fd_sc_hd__dfrtp_1)
                                 14.47   data arrival time

                          0.00    0.00   clock clk (rise edge)
                          0.00    0.00   clock source latency
                  0.91    0.74    0.74 ^ clk (in)
     1    0.20                           clk (net)
                  0.94    0.00    0.74 ^ clkbuf_0_clk/A (sky130_fd_sc_hd__clkbuf_16)
                  0.05    0.29    1.03 ^ clkbuf_0_clk/X (sky130_fd_sc_hd__clkbuf_16)
     2    0.01                           clknet_0_clk (net)
                  0.05    0.00    1.03 ^ clkbuf_1_0_0_clk/A (sky130_fd_sc_hd__clkbuf_2)
                  0.08    0.14    1.17 ^ clkbuf_1_0_0_clk/X (sky130_fd_sc_hd__clkbuf_2)
     2    0.01                           clknet_1_0_0_clk (net)
                  0.08    0.00    1.17 ^ clkbuf_2_0_0_clk/A (sky130_fd_sc_hd__clkbuf_2)
                  0.23    0.26    1.43 ^ clkbuf_2_0_0_clk/X (sky130_fd_sc_hd__clkbuf_2)
    14    0.04                           clknet_2_0_0_clk (net)
                  0.23    0.00    1.43 ^ _1288_/CLK (sky130_fd_sc_hd__dfrtp_1)
                          0.25    1.68   clock uncertainty
                          0.00    1.68   clock reconvergence pessimism
                          0.52    2.20   library removal time
                                  2.20   data required time
-----------------------------------------------------------------------------
                                  2.20   data required time
                                -14.47   data arrival time
-----------------------------------------------------------------------------
                                 12.26   slack (MET)


Startpoint: _1255_ (rising edge-triggered flip-flop clocked by clk)
Endpoint: _1260_ (rising edge-triggered flip-flop clocked by clk)
Path Group: clk
Path Type: min

Fanout     Cap    Slew   Delay    Time   Description
-----------------------------------------------------------------------------
                          0.00    0.00   clock clk (rise edge)
                          0.00    0.00   clock source latency
                  0.91    0.67    0.67 ^ clk (in)
     1    0.20                           clk (net)
                  0.94    0.00    0.67 ^ clkbuf_0_clk/A (sky130_fd_sc_hd__clkbuf_16)
                  0.05    0.26    0.93 ^ clkbuf_0_clk/X (sky130_fd_sc_hd__clkbuf_16)
     2    0.01                           clknet_0_clk (net)
                  0.05    0.00    0.93 ^ clkbuf_1_1_0_clk/A (sky130_fd_sc_hd__clkbuf_2)
                  0.06    0.12    1.05 ^ clkbuf_1_1_0_clk/X (sky130_fd_sc_hd__clkbuf_2)
     2    0.01                           clknet_1_1_0_clk (net)
                  0.06    0.00    1.05 ^ clkbuf_2_2_0_clk/A (sky130_fd_sc_hd__clkbuf_2)
                  0.20    0.21    1.26 ^ clkbuf_2_2_0_clk/X (sky130_fd_sc_hd__clkbuf_2)
    14    0.04                           clknet_2_2_0_clk (net)
                  0.20    0.00    1.26 ^ _1255_/CLK (sky130_fd_sc_hd__dfrtp_1)
                  0.12    0.47    1.72 v _1255_/Q (sky130_fd_sc_hd__dfrtp_1)
     3    0.02                           execute.exe_mem_wrap.piton_fsm.state_reg (net)
                  0.12    0.00    1.72 v _0591_/A1 (sky130_fd_sc_hd__a31o_1)
                  0.05    0.21    1.93 v _0591_/X (sky130_fd_sc_hd__a31o_1)
     1    0.01                           _0036_ (net)
                  0.05    0.00    1.93 v _1260_/D (sky130_fd_sc_hd__dfstp_4)
                                  1.93   data arrival time

                          0.00    0.00   clock clk (rise edge)
                          0.00    0.00   clock source latency
                  0.91    0.74    0.74 ^ clk (in)
     1    0.20                           clk (net)
                  0.94    0.00    0.74 ^ clkbuf_0_clk/A (sky130_fd_sc_hd__clkbuf_16)
                  0.05    0.29    1.03 ^ clkbuf_0_clk/X (sky130_fd_sc_hd__clkbuf_16)
     2    0.01                           clknet_0_clk (net)
                  0.05    0.00    1.03 ^ clkbuf_1_0_0_clk/A (sky130_fd_sc_hd__clkbuf_2)
                  0.08    0.14    1.17 ^ clkbuf_1_0_0_clk/X (sky130_fd_sc_hd__clkbuf_2)
     2    0.01                           clknet_1_0_0_clk (net)
                  0.08    0.00    1.17 ^ clkbuf_2_1_0_clk/A (sky130_fd_sc_hd__clkbuf_2)
                  0.23    0.26    1.43 ^ clkbuf_2_1_0_clk/X (sky130_fd_sc_hd__clkbuf_2)
    14    0.04                           clknet_2_1_0_clk (net)
                  0.23    0.00    1.43 ^ _1260_/CLK (sky130_fd_sc_hd__dfstp_4)
                          0.25    1.68   clock uncertainty
                         -0.10    1.58   clock reconvergence pessimism
                          0.03    1.61   library hold time
                                  1.61   data required time
-----------------------------------------------------------------------------
                                  1.61   data required time
                                 -1.93   data arrival time
-----------------------------------------------------------------------------
                                  0.33   slack (MET)


Startpoint: _1249_ (rising edge-triggered flip-flop clocked by clk)
Endpoint: _1249_ (rising edge-triggered flip-flop clocked by clk)
Path Group: clk
Path Type: min

Fanout     Cap    Slew   Delay    Time   Description
-----------------------------------------------------------------------------
                          0.00    0.00   clock clk (rise edge)
                          0.00    0.00   clock source latency
                  0.91    0.67    0.67 ^ clk (in)
     1    0.20                           clk (net)
                  0.94    0.00    0.67 ^ clkbuf_0_clk/A (sky130_fd_sc_hd__clkbuf_16)
                  0.05    0.26    0.93 ^ clkbuf_0_clk/X (sky130_fd_sc_hd__clkbuf_16)
     2    0.01                           clknet_0_clk (net)
                  0.05    0.00    0.93 ^ clkbuf_1_0_0_clk/A (sky130_fd_sc_hd__clkbuf_2)
                  0.08    0.13    1.06 ^ clkbuf_1_0_0_clk/X (sky130_fd_sc_hd__clkbuf_2)
     2    0.01                           clknet_1_0_0_clk (net)
                  0.08    0.00    1.06 ^ clkbuf_2_1_0_clk/A (sky130_fd_sc_hd__clkbuf_2)
                  0.23    0.23    1.29 ^ clkbuf_2_1_0_clk/X (sky130_fd_sc_hd__clkbuf_2)
    14    0.04                           clknet_2_1_0_clk (net)
                  0.23    0.00    1.29 ^ _1249_/CLK (sky130_fd_sc_hd__dfrtp_1)
                  0.11    0.41    1.70 ^ _1249_/Q (sky130_fd_sc_hd__dfrtp_1)
     2    0.01                           execute.instruction_addr_misaligned4 (net)
                  0.11    0.00    1.70 ^ _1037_/A1 (sky130_fd_sc_hd__o211a_1)
                  0.08    0.18    1.88 ^ _1037_/X (sky130_fd_sc_hd__o211a_1)
     1    0.01                           _0095_ (net)
                  0.08    0.00    1.88 ^ _1249_/D (sky130_fd_sc_hd__dfrtp_1)
                                  1.88   data arrival time

                          0.00    0.00   clock clk (rise edge)
                          0.00    0.00   clock source latency
                  0.91    0.74    0.74 ^ clk (in)
     1    0.20                           clk (net)
                  0.94    0.00    0.74 ^ clkbuf_0_clk/A (sky130_fd_sc_hd__clkbuf_16)
                  0.05    0.29    1.03 ^ clkbuf_0_clk/X (sky130_fd_sc_hd__clkbuf_16)
     2    0.01                           clknet_0_clk (net)
                  0.05    0.00    1.03 ^ clkbuf_1_0_0_clk/A (sky130_fd_sc_hd__clkbuf_2)
                  0.08    0.14    1.17 ^ clkbuf_1_0_0_clk/X (sky130_fd_sc_hd__clkbuf_2)
     2    0.01                           clknet_1_0_0_clk (net)
                  0.08    0.00    1.17 ^ clkbuf_2_1_0_clk/A (sky130_fd_sc_hd__clkbuf_2)
                  0.23    0.26    1.43 ^ clkbuf_2_1_0_clk/X (sky130_fd_sc_hd__clkbuf_2)
    14    0.04                           clknet_2_1_0_clk (net)
                  0.23    0.00    1.43 ^ _1249_/CLK (sky130_fd_sc_hd__dfrtp_1)
                          0.25    1.68   clock uncertainty
                         -0.14    1.54   clock reconvergence pessimism
                         -0.02    1.52   library hold time
                                  1.52   data required time
-----------------------------------------------------------------------------
                                  1.52   data required time
                                 -1.88   data arrival time
-----------------------------------------------------------------------------
                                  0.36   slack (MET)


Startpoint: _1263_ (rising edge-triggered flip-flop clocked by clk)
Endpoint: _1263_ (rising edge-triggered flip-flop clocked by clk)
Path Group: clk
Path Type: min

Fanout     Cap    Slew   Delay    Time   Description
-----------------------------------------------------------------------------
                          0.00    0.00   clock clk (rise edge)
                          0.00    0.00   clock source latency
                  0.91    0.67    0.67 ^ clk (in)
     1    0.20                           clk (net)
                  0.94    0.00    0.67 ^ clkbuf_0_clk/A (sky130_fd_sc_hd__clkbuf_16)
                  0.05    0.26    0.93 ^ clkbuf_0_clk/X (sky130_fd_sc_hd__clkbuf_16)
     2    0.01                           clknet_0_clk (net)
                  0.05    0.00    0.93 ^ clkbuf_1_0_0_clk/A (sky130_fd_sc_hd__clkbuf_2)
                  0.08    0.13    1.06 ^ clkbuf_1_0_0_clk/X (sky130_fd_sc_hd__clkbuf_2)
     2    0.01                           clknet_1_0_0_clk (net)
                  0.08    0.00    1.06 ^ clkbuf_2_0_0_clk/A (sky130_fd_sc_hd__clkbuf_2)
                  0.23    0.24    1.29 ^ clkbuf_2_0_0_clk/X (sky130_fd_sc_hd__clkbuf_2)
    14    0.04                           clknet_2_0_0_clk (net)
                  0.23    0.00    1.30 ^ _1263_/CLK (sky130_fd_sc_hd__dfstp_2)
                  0.08    0.45    1.74 v _1263_/Q (sky130_fd_sc_hd__dfstp_2)
     3    0.03                           frontend.state_reg[0] (net)
                  0.08    0.00    1.74 v _0608_/B1 (sky130_fd_sc_hd__a32o_1)
                  0.05    0.22    1.96 v _0608_/X (sky130_fd_sc_hd__a32o_1)
     1    0.01                           _0039_ (net)
                  0.05    0.00    1.96 v _1263_/D (sky130_fd_sc_hd__dfstp_2)
                                  1.96   data arrival time

                          0.00    0.00   clock clk (rise edge)
                          0.00    0.00   clock source latency
                  0.91    0.74    0.74 ^ clk (in)
     1    0.20                           clk (net)
                  0.94    0.00    0.74 ^ clkbuf_0_clk/A (sky130_fd_sc_hd__clkbuf_16)
                  0.05    0.29    1.03 ^ clkbuf_0_clk/X (sky130_fd_sc_hd__clkbuf_16)
     2    0.01                           clknet_0_clk (net)
                  0.05    0.00    1.03 ^ clkbuf_1_0_0_clk/A (sky130_fd_sc_hd__clkbuf_2)
                  0.08    0.14    1.17 ^ clkbuf_1_0_0_clk/X (sky130_fd_sc_hd__clkbuf_2)
     2    0.01                           clknet_1_0_0_clk (net)
                  0.08    0.00    1.17 ^ clkbuf_2_0_0_clk/A (sky130_fd_sc_hd__clkbuf_2)
                  0.23    0.26    1.43 ^ clkbuf_2_0_0_clk/X (sky130_fd_sc_hd__clkbuf_2)
    14    0.04                           clknet_2_0_0_clk (net)
                  0.23    0.00    1.43 ^ _1263_/CLK (sky130_fd_sc_hd__dfstp_2)
                          0.25    1.68   clock uncertainty
                         -0.14    1.55   clock reconvergence pessimism
                          0.03    1.58   library hold time
                                  1.58   data required time
-----------------------------------------------------------------------------
                                  1.58   data required time
                                 -1.96   data arrival time
-----------------------------------------------------------------------------
                                  0.38   slack (MET)


Startpoint: _1261_ (rising edge-triggered flip-flop clocked by clk)
Endpoint: _1207_ (rising edge-triggered flip-flop clocked by clk)
Path Group: clk
Path Type: min

Fanout     Cap    Slew   Delay    Time   Description
-----------------------------------------------------------------------------
                          0.00    0.00   clock clk (rise edge)
                          0.00    0.00   clock source latency
                  0.91    0.67    0.67 ^ clk (in)
     1    0.20                           clk (net)
                  0.94    0.00    0.67 ^ clkbuf_0_clk/A (sky130_fd_sc_hd__clkbuf_16)
                  0.05    0.26    0.93 ^ clkbuf_0_clk/X (sky130_fd_sc_hd__clkbuf_16)
     2    0.01                           clknet_0_clk (net)
                  0.05    0.00    0.93 ^ clkbuf_1_0_0_clk/A (sky130_fd_sc_hd__clkbuf_2)
                  0.08    0.13    1.06 ^ clkbuf_1_0_0_clk/X (sky130_fd_sc_hd__clkbuf_2)
     2    0.01                           clknet_1_0_0_clk (net)
                  0.08    0.00    1.06 ^ clkbuf_2_0_0_clk/A (sky130_fd_sc_hd__clkbuf_2)
                  0.23    0.24    1.29 ^ clkbuf_2_0_0_clk/X (sky130_fd_sc_hd__clkbuf_2)
    14    0.04                           clknet_2_0_0_clk (net)
                  0.23    0.00    1.30 ^ _1261_/CLK (sky130_fd_sc_hd__dfrtp_1)
                  0.21    0.48    1.78 ^ _1261_/Q (sky130_fd_sc_hd__dfrtp_1)
     4    0.02                           arb_state[1] (net)
                  0.21    0.00    1.78 ^ _0809_/A2 (sky130_fd_sc_hd__a21boi_1)
                  0.07    0.14    1.92 v _0809_/Y (sky130_fd_sc_hd__a21boi_1)
     1    0.01                           _0088_ (net)
                  0.07    0.00    1.92 v _1207_/D (sky130_fd_sc_hd__dfrtp_1)
                                  1.92   data arrival time

                          0.00    0.00   clock clk (rise edge)
                          0.00    0.00   clock source latency
                  0.91    0.74    0.74 ^ clk (in)
     1    0.20                           clk (net)
                  0.94    0.00    0.74 ^ clkbuf_0_clk/A (sky130_fd_sc_hd__clkbuf_16)
                  0.05    0.29    1.03 ^ clkbuf_0_clk/X (sky130_fd_sc_hd__clkbuf_16)
     2    0.01                           clknet_0_clk (net)
                  0.05    0.00    1.03 ^ clkbuf_1_1_0_clk/A (sky130_fd_sc_hd__clkbuf_2)
                  0.06    0.13    1.16 ^ clkbuf_1_1_0_clk/X (sky130_fd_sc_hd__clkbuf_2)
     2    0.01                           clknet_1_1_0_clk (net)
                  0.06    0.00    1.16 ^ clkbuf_2_3_0_clk/A (sky130_fd_sc_hd__clkbuf_2)
                  0.21    0.24    1.39 ^ clkbuf_2_3_0_clk/X (sky130_fd_sc_hd__clkbuf_2)
    14    0.04                           clknet_2_3_0_clk (net)
                  0.21    0.00    1.40 ^ _1207_/CLK (sky130_fd_sc_hd__dfrtp_1)
                          0.25    1.65   clock uncertainty
                         -0.10    1.55   clock reconvergence pessimism
                         -0.02    1.53   library hold time
                                  1.53   data required time
-----------------------------------------------------------------------------
                                  1.53   data required time
                                 -1.92   data arrival time
-----------------------------------------------------------------------------
                                  0.39   slack (MET)


Startpoint: _1261_ (rising edge-triggered flip-flop clocked by clk)
Endpoint: _1261_ (rising edge-triggered flip-flop clocked by clk)
Path Group: clk
Path Type: min

Fanout     Cap    Slew   Delay    Time   Description
-----------------------------------------------------------------------------
                          0.00    0.00   clock clk (rise edge)
                          0.00    0.00   clock source latency
                  0.91    0.67    0.67 ^ clk (in)
     1    0.20                           clk (net)
                  0.94    0.00    0.67 ^ clkbuf_0_clk/A (sky130_fd_sc_hd__clkbuf_16)
                  0.05    0.26    0.93 ^ clkbuf_0_clk/X (sky130_fd_sc_hd__clkbuf_16)
     2    0.01                           clknet_0_clk (net)
                  0.05    0.00    0.93 ^ clkbuf_1_0_0_clk/A (sky130_fd_sc_hd__clkbuf_2)
                  0.08    0.13    1.06 ^ clkbuf_1_0_0_clk/X (sky130_fd_sc_hd__clkbuf_2)
     2    0.01                           clknet_1_0_0_clk (net)
                  0.08    0.00    1.06 ^ clkbuf_2_0_0_clk/A (sky130_fd_sc_hd__clkbuf_2)
                  0.23    0.24    1.29 ^ clkbuf_2_0_0_clk/X (sky130_fd_sc_hd__clkbuf_2)
    14    0.04                           clknet_2_0_0_clk (net)
                  0.23    0.00    1.30 ^ _1261_/CLK (sky130_fd_sc_hd__dfrtp_1)
                  0.21    0.48    1.78 ^ _1261_/Q (sky130_fd_sc_hd__dfrtp_1)
     4    0.02                           arb_state[1] (net)
                  0.21    0.00    1.78 ^ _0597_/B2 (sky130_fd_sc_hd__a32o_1)
                  0.05    0.15    1.93 ^ _0597_/X (sky130_fd_sc_hd__a32o_1)
     1    0.00                           _0037_ (net)
                  0.05    0.00    1.93 ^ _1261_/D (sky130_fd_sc_hd__dfrtp_1)
                                  1.93   data arrival time

                          0.00    0.00   clock clk (rise edge)
                          0.00    0.00   clock source latency
                  0.91    0.74    0.74 ^ clk (in)
     1    0.20                           clk (net)
                  0.94    0.00    0.74 ^ clkbuf_0_clk/A (sky130_fd_sc_hd__clkbuf_16)
                  0.05    0.29    1.03 ^ clkbuf_0_clk/X (sky130_fd_sc_hd__clkbuf_16)
     2    0.01                           clknet_0_clk (net)
                  0.05    0.00    1.03 ^ clkbuf_1_0_0_clk/A (sky130_fd_sc_hd__clkbuf_2)
                  0.08    0.14    1.17 ^ clkbuf_1_0_0_clk/X (sky130_fd_sc_hd__clkbuf_2)
     2    0.01                           clknet_1_0_0_clk (net)
                  0.08    0.00    1.17 ^ clkbuf_2_0_0_clk/A (sky130_fd_sc_hd__clkbuf_2)
                  0.23    0.26    1.43 ^ clkbuf_2_0_0_clk/X (sky130_fd_sc_hd__clkbuf_2)
    14    0.04                           clknet_2_0_0_clk (net)
                  0.23    0.00    1.43 ^ _1261_/CLK (sky130_fd_sc_hd__dfrtp_1)
                          0.25    1.68   clock uncertainty
                         -0.14    1.55   clock reconvergence pessimism
                         -0.01    1.54   library hold time
                                  1.54   data required time
-----------------------------------------------------------------------------
                                  1.54   data required time
                                 -1.93   data arrival time
-----------------------------------------------------------------------------
                                  0.39   slack (MET)


